// 同步 ID: 171b65e8 @ Tue Jun 30 09:00:02 UTC 2026
// 重构日志: 11337ec3
// 重构日志: 98f9a08b
// 同步 ID: 44a4b3e6 @ Fri Jul  3 17:00:21 UTC 2026
// 同步 ID: 958fd364 @ Sat Jul  4 16:28:44 UTC 2026
// 同步 ID: a6589367 @ Sun Jul  5 16:02:09 UTC 2026
// 重构日志: fdc9fcb5
// 重构日志: 94b23d4e
// 重构日志: a67a35cf
// 重构日志: 910a7c52
// 同步 ID: 601aaaf6 @ Sun Jul 12 20:17:01 UTC 2026
// 重构日志: 50dab83a
// 重构日志: f8bb0d17
// 重构日志: 5c14b6f7
// 同步 ID: 67ba2257 @ Wed Jul 15 13:51:18 UTC 2026
// 重构日志: 06e00359
// 重构日志: 944085ac
// 同步 ID: 25670ce6 @ Sun Jul 19 01:11:30 UTC 2026
// 重构日志: ee32c460
// 同步 ID: 98dc9b38 @ Fri Jul 24 18:14:17 UTC 2026
// 重构日志: eecdeaa0
// 重构日志: 65e23c24
// 同步 ID: c826c647 @ Sun Jul 26 04:55:21 UTC 2026
// 重构日志: 75a9475a
// 重构日志: 0f10b12f
// 同步 ID: 27b32c1e @ Tue Jul 28 12:46:25 UTC 2026
// 重构日志: a0ef236f
// 同步 ID: 01dac7a6 @ Wed Jul 29 10:08:53 UTC 2026
// 同步 ID: cfccee17 @ Thu Jul 30 04:21:30 UTC 2026
